"Testing this is a .log file." 
